// Jest Snapshot v1, https://goo.gl/fbAQLP

exports[`App tests should render 1`] = `
Object {
  "asFragment": [Function],
  "baseElement": <body>
    <div>
      <header
        class="header"
      >
        <h1
          class="header-heading"
        >
          Math Magicians
        </h1>
        <nav>
          <ul
            class="nav-menu"
          >
            <li>
              <a
                aria-current="page"
                class="nav-item active"
                href="/"
              >
                Home
              </a>
            </li>
            <li>
              <a
                class="nav-item"
                href="/calculator"
              >
                Calculator
              </a>
            </li>
            <li>
              <a
                class="nav-item"
                href="/quote"
              >
                Quote
              </a>
            </li>
          </ul>
        </nav>
      </header>
      <main
        class="home-main"
      >
        <h1
          class="home-heading"
        >
          Welcome to our page!
        </h1>
        <p
          class="home-para"
        >
          End of the day, life itself is a math problem. Everything can be explained through math, including the rotation of our Earth or creation of the human kind. You will also find some inspirational math quotes for students with donuts
        </p>
        <p
          class="home-para"
        >
          There are certain calculations I should like to make with you, To be sure that your deductions will be logical and true; And remember, 'Patience, Patience,' is the watchword of a sage, Not to-day nor yet to-morrow can complete a perfect age.
        </p>
      </main>
    </div>
  </body>,
  "container": <div>
    <header
      class="header"
    >
      <h1
        class="header-heading"
      >
        Math Magicians
      </h1>
      <nav>
        <ul
          class="nav-menu"
        >
          <li>
            <a
              aria-current="page"
              class="nav-item active"
              href="/"
            >
              Home
            </a>
          </li>
          <li>
            <a
              class="nav-item"
              href="/calculator"
            >
              Calculator
            </a>
          </li>
          <li>
            <a
              class="nav-item"
              href="/quote"
            >
              Quote
            </a>
          </li>
        </ul>
      </nav>
    </header>
    <main
      class="home-main"
    >
      <h1
        class="home-heading"
      >
        Welcome to our page!
      </h1>
      <p
        class="home-para"
      >
        End of the day, life itself is a math problem. Everything can be explained through math, including the rotation of our Earth or creation of the human kind. You will also find some inspirational math quotes for students with donuts
      </p>
      <p
        class="home-para"
      >
        There are certain calculations I should like to make with you, To be sure that your deductions will be logical and true; And remember, 'Patience, Patience,' is the watchword of a sage, Not to-day nor yet to-morrow can complete a perfect age.
      </p>
    </main>
  </div>,
  "debug": [Function],
  "findAllByAltText": [Function],
  "findAllByDisplayValue": [Function],
  "findAllByLabelText": [Function],
  "findAllByPlaceholderText": [Function],
  "findAllByRole": [Function],
  "findAllByTestId": [Function],
  "findAllByText": [Function],
  "findAllByTitle": [Function],
  "findByAltText": [Function],
  "findByDisplayValue": [Function],
  "findByLabelText": [Function],
  "findByPlaceholderText": [Function],
  "findByRole": [Function],
  "findByTestId": [Function],
  "findByText": [Function],
  "findByTitle": [Function],
  "getAllByAltText": [Function],
  "getAllByDisplayValue": [Function],
  "getAllByLabelText": [Function],
  "getAllByPlaceholderText": [Function],
  "getAllByRole": [Function],
  "getAllByTestId": [Function],
  "getAllByText": [Function],
  "getAllByTitle": [Function],
  "getByAltText": [Function],
  "getByDisplayValue": [Function],
  "getByLabelText": [Function],
  "getByPlaceholderText": [Function],
  "getByRole": [Function],
  "getByTestId": [Function],
  "getByText": [Function],
  "getByTitle": [Function],
  "queryAllByAltText": [Function],
  "queryAllByDisplayValue": [Function],
  "queryAllByLabelText": [Function],
  "queryAllByPlaceholderText": [Function],
  "queryAllByRole": [Function],
  "queryAllByTestId": [Function],
  "queryAllByText": [Function],
  "queryAllByTitle": [Function],
  "queryByAltText": [Function],
  "queryByDisplayValue": [Function],
  "queryByLabelText": [Function],
  "queryByPlaceholderText": [Function],
  "queryByRole": [Function],
  "queryByTestId": [Function],
  "queryByText": [Function],
  "queryByTitle": [Function],
  "rerender": [Function],
  "unmount": [Function],
}
`;
