// Jest Snapshot v1, https://goo.gl/fbAQLP

exports[`Header tests should render 1`] = `
Object {
  "asFragment": [Function],
  "baseElement": <body>
    <div>
      <header
        class="header"
      >
        <h1
          class="header-heading"
        >
          Math Magicians
        </h1>
        <nav>
          <ul
            class="nav-menu"
          >
            <li>
              <a
                aria-current="page"
                class="nav-item active"
                href="/"
              >
                Home
              </a>
            </li>
            <li>
              <a
                class="nav-item"
                href="/calculator"
              >
                Calculator
              </a>
            </li>
            <li>
              <a
                class="nav-item"
                href="/quote"
              >
                Quote
              </a>
            </li>
          </ul>
        </nav>
      </header>
    </div>
  </body>,
  "container": <div>
    <header
      class="header"
    >
      <h1
        class="header-heading"
      >
        Math Magicians
      </h1>
      <nav>
        <ul
          class="nav-menu"
        >
          <li>
            <a
              aria-current="page"
              class="nav-item active"
              href="/"
            >
              Home
            </a>
          </li>
          <li>
            <a
              class="nav-item"
              href="/calculator"
            >
              Calculator
            </a>
          </li>
          <li>
            <a
              class="nav-item"
              href="/quote"
            >
              Quote
            </a>
          </li>
        </ul>
      </nav>
    </header>
  </div>,
  "debug": [Function],
  "findAllByAltText": [Function],
  "findAllByDisplayValue": [Function],
  "findAllByLabelText": [Function],
  "findAllByPlaceholderText": [Function],
  "findAllByRole": [Function],
  "findAllByTestId": [Function],
  "findAllByText": [Function],
  "findAllByTitle": [Function],
  "findByAltText": [Function],
  "findByDisplayValue": [Function],
  "findByLabelText": [Function],
  "findByPlaceholderText": [Function],
  "findByRole": [Function],
  "findByTestId": [Function],
  "findByText": [Function],
  "findByTitle": [Function],
  "getAllByAltText": [Function],
  "getAllByDisplayValue": [Function],
  "getAllByLabelText": [Function],
  "getAllByPlaceholderText": [Function],
  "getAllByRole": [Function],
  "getAllByTestId": [Function],
  "getAllByText": [Function],
  "getAllByTitle": [Function],
  "getByAltText": [Function],
  "getByDisplayValue": [Function],
  "getByLabelText": [Function],
  "getByPlaceholderText": [Function],
  "getByRole": [Function],
  "getByTestId": [Function],
  "getByText": [Function],
  "getByTitle": [Function],
  "queryAllByAltText": [Function],
  "queryAllByDisplayValue": [Function],
  "queryAllByLabelText": [Function],
  "queryAllByPlaceholderText": [Function],
  "queryAllByRole": [Function],
  "queryAllByTestId": [Function],
  "queryAllByText": [Function],
  "queryAllByTitle": [Function],
  "queryByAltText": [Function],
  "queryByDisplayValue": [Function],
  "queryByLabelText": [Function],
  "queryByPlaceholderText": [Function],
  "queryByRole": [Function],
  "queryByTestId": [Function],
  "queryByText": [Function],
  "queryByTitle": [Function],
  "rerender": [Function],
  "unmount": [Function],
}
`;
